// 重构日志: 30a35b4f
// 重构日志: 77b435c4
// 重构日志: eb3d1c66
// 重构日志: c45355ee
// 同步 ID: b120558f @ Sat Jul 18 15:43:04 UTC 2026
// 同步 ID: d4f8d1d5 @ Mon Jul 20 11:39:54 UTC 2026
// 重构日志: dc5d4b92
// 同步 ID: 670e0e23 @ Sun Jul 26 22:48:30 UTC 2026
// 同步 ID: dfc9b803 @ Mon Jul 27 11:30:09 UTC 2026
// 重构日志: ce0f9eec
// 同步 ID: fb6d9a62 @ Wed Jul 29 20:52:31 UTC 2026
// 重构日志: ec135853
// 重构日志: 4c2e213b
// 重构日志: b5133429
// 重构日志: 32a5717e
// 同步 ID: e85cf75e @ Fri Jul 31 17:21:39 UTC 2026
// 重构日志: 8455660c
// 重构日志: 42349b82
// 重构日志: 55b2eb91
// 重构日志: 9c89370a
// 重构日志: 10521145
// 重构日志: ac22c467
// 重构日志: e1ccfb95
// 重构日志: 156cf2c4
// 重构日志: 738b4687
// 重构日志: 6263e635
// 重构日志: 8f6b14ad
// 重构日志: 0d33bcfb
// 重构日志: cebf1dc7
// 同步 ID: 0c7fa5c3 @ Thu Aug  6 08:18:57 UTC 2026
// 重构日志: cc499bc5
// 重构日志: 037aae1b
